../Core/Src/freertos.c:111:6:MX_FREERTOS_Init	8	static
../Core/Src/freertos.c:147:6:StartDefaultTask	16	static
../Core/Src/freertos.c:163:13:Sound_Send	24	static
../Core/Src/freertos.c:173:6:vSoundTask	24	static
../Core/Src/freertos.c:220:17:ComputeSliceScore	24	static
../Core/Src/freertos.c:241:13:PlayGameOverTune	8	static
../Core/Src/freertos.c:256:13:FlashTimesUp	16	static
../Core/Src/freertos.c:273:13:LCD_PrintCenteredLine1	48	static
../Core/Src/freertos.c:294:13:MakeFeedback	32	static
../Core/Src/freertos.c:316:13:Buzzer_PlayTone	32	static
../Core/Src/freertos.c:347:13:LCD_DrawTimer	56	static
../Core/Src/freertos.c:376:13:UpdateTimer	32	static
../Core/Src/freertos.c:398:6:vGameTask	216	static
